// Jest Snapshot v1, https://goo.gl/fbAQLP

exports[`generateComplainantLetterPdfBuffer generates complainant letter pdf html correctly 1`] = `
"<html>
    <head>
        <link rel=\\"stylesheet\\" type=\\"text/css\\" href=\\"pdf.css\\"/>
    </head>
    <body>
        <div id=\\"pageHeader-first\\">
            <div style=\\"text-align: center;\\">
                <img style=\\"max-width: 223px\\" src=\\"file:/app/src/instance-files/images/header_text.png\\" />
            </div>
            <div style=\\"text-align: center; margin-top: 8px\\">
                <img style=\\"max-width: 42px\\" src=\\"file:/app/src/instance-files/images/icon.ico\\" />
            </div>
        </div>
        <div id=\\"pageHeader\\" style=\\"font-size:8.5pt; color: #7F7F7F;\\">
            Chuck<br/>
            July 01, 2018<br/>
            Page {{page}}
        </div>

        <div id=\\"pageFooter\\" style=\\"text-align: center; margin-top: 16px\\">
            <span  style=\\"display:inline-block; margin: 6px 16px 0 0\\">
                <img style=\\"max-width: 30px\\" src=\\"file:/app/src/instance-files/images/icon.ico\\" />
            </span>
            <span style=\\"display:inline-block; font-size:7pt; color: #7F7F7F;\\">
                OFFICE OF THE POLICE MONITOR <br />
                966 Morningview Lane | Grenville, WI | 53540 <br />
                Phone (641) 892-7222| Fax (414) 335-3049
            </span>
            <span  style=\\"display:inline-block; width: 46px\\">&nbsp;</span>
        </div>
        <p style=\\"color: #7F7F7F;\\">
            JOHN A SIMMS
            <br/>
            POLICE MONITOR
        </p>
        <p><br/></p>
        <p>
        July 01, 2018
        </p>
        <p><br/></p>
        <p>
            Chuck Berry
                <p>123 Main St, Fl 2, Mayo St & Mustard Ave, Sandwich, IL 63456 (In front of Wal-Mart)</p>
                <p>cberry@cberry.com</p>
        </p>
        <p><br/></p>
        <p>Re: PM Complaint# CC2017-0001</p>
        <p><br/></p>
        <p>Dear Miss Chuck Berry</p>
        <p><br/></p>
        <p>
            On December 25, 2017, you contacted the Office of the Police Monitor
            (PM) alleging possible misconduct by an officer of the Grenville City Police
            Department (GCPD or Department) for possible violations of several GCPD rules. As a
            result of your contact with us, PM No. CC2017-0001 was generated.
        </p>
        <p><br/></p>
        <p>
            Among other things, the PM takes complaints and examines the GCPD’s internal investigations system by conducting independent reviews of completed investigations into allegations of misconduct to determine whether they have been conducted appropriately. The PM does not conduct separate or new investigations.
        </p>

        <p><br/></p>
        <p>We forwarded the information you provided us to the GCPD’s Public Governance Bureau
            (PGB) as an inquiry and asked that the matter be reviewed for possible violations of the
            GCPD rules and regulations. You may be contacted by a representative of PGB or by an
            GCPD supervisor regarding this matter.</p>
        <p><br/></p>
        <p>Please take into consideration that facts and/or allegations from your complaint may be
            used in future PM reports. If facts and/or allegations are used in future PM
            reports, names of witnesses, law enforcement, and complainants may be included. Once
            the review of your investigation has been completed, all or parts of the complaint may
            become public records.</p>
        <p><br/></p>
        <p>Enclosed you will find a copy of the PM letter to PGB and some information about
            our office. If you have any questions regarding the status of the information you
            provided, please contact us at (641) 892-7222 or via email at
            policemonitor@pm.ex. Please refer to your PM No. CC2017-0001 when you
            contact our office.</p>
        <p><br/></p>
        <p><br/></p>
        Sincerely,
        <p><br></p>
        <img style=\\"max-height: 55px\\" src=\\"file:/app/src/instance-files/images/nina_s_ambroise.png\\" />
        <p><br/></p>
        Nina S Ambroise,
        <br/>
        Complaint Intake Consultant
        </p>
    </body>
</html>
"
`;

exports[`generateComplainantLetterPdfBuffer pdf buffer is created for complainant letter 1`] = `
"<html>
    <head>
        <link rel=\\"stylesheet\\" type=\\"text/css\\" href=\\"pdf.css\\"/>
    </head>
    <body>
        <div id=\\"pageHeader-first\\">
            <div style=\\"text-align: center;\\">
                <img style=\\"max-width: 223px\\" src=\\"file:/app/src/instance-files/images/header_text.png\\" />
            </div>
            <div style=\\"text-align: center; margin-top: 8px\\">
                <img style=\\"max-width: 42px\\" src=\\"file:/app/src/instance-files/images/icon.ico\\" />
            </div>
        </div>
        <div id=\\"pageHeader\\" style=\\"font-size:8.5pt; color: #7F7F7F;\\">
            Chuck<br/>
            July 01, 2018<br/>
            Page {{page}}
        </div>

        <div id=\\"pageFooter\\" style=\\"text-align: center; margin-top: 16px\\">
            <span  style=\\"display:inline-block; margin: 6px 16px 0 0\\">
                <img style=\\"max-width: 30px\\" src=\\"file:/app/src/instance-files/images/icon.ico\\" />
            </span>
            <span style=\\"display:inline-block; font-size:7pt; color: #7F7F7F;\\">
                OFFICE OF THE POLICE MONITOR <br />
                966 Morningview Lane | Grenville, WI | 53540 <br />
                Phone (641) 892-7222| Fax (414) 335-3049
            </span>
            <span  style=\\"display:inline-block; width: 46px\\">&nbsp;</span>
        </div>
        <p style=\\"color: #7F7F7F;\\">
            JOHN A SIMMS
            <br/>
            POLICE MONITOR
        </p>
        <p><br/></p>
        <p>
        July 01, 2018
        </p>
        <p><br/></p>
        <p>
            Chuck Berry
                <p>123 Main St, Fl 2, Mayo St & Mustard Ave, Sandwich, IL 63456 (In front of Wal-Mart)</p>
                <p>cberry@cberry.com</p>
        </p>
        <p><br/></p>
        <p>Re: PM Complaint# CC2017-0001</p>
        <p><br/></p>
        <p>Dear Miss Chuck Berry</p>
        <p><br/></p>
        <p>
            On December 25, 2017, you contacted the Office of the Police Monitor
            (PM) alleging possible misconduct by an officer of the Grenville City Police
            Department (GCPD or Department) for possible violations of several GCPD rules. As a
            result of your contact with us, PM No. CC2017-0001 was generated.
        </p>
        <p><br/></p>
        <p>
            Among other things, the PM takes complaints and examines the GCPD’s internal investigations system by conducting independent reviews of completed investigations into allegations of misconduct to determine whether they have been conducted appropriately. The PM does not conduct separate or new investigations.
        </p>

        <p><br/></p>
        <p>We forwarded the information you provided us to the GCPD’s Public Governance Bureau
            (PGB) as an inquiry and asked that the matter be reviewed for possible violations of the
            GCPD rules and regulations. You may be contacted by a representative of PGB or by an
            GCPD supervisor regarding this matter.</p>
        <p><br/></p>
        <p>Please take into consideration that facts and/or allegations from your complaint may be
            used in future PM reports. If facts and/or allegations are used in future PM
            reports, names of witnesses, law enforcement, and complainants may be included. Once
            the review of your investigation has been completed, all or parts of the complaint may
            become public records.</p>
        <p><br/></p>
        <p>Enclosed you will find a copy of the PM letter to PGB and some information about
            our office. If you have any questions regarding the status of the information you
            provided, please contact us at (641) 892-7222 or via email at
            policemonitor@pm.ex. Please refer to your PM No. CC2017-0001 when you
            contact our office.</p>
        <p><br/></p>
        <p><br/></p>
        Sincerely,
        <p><br></p>
        <img style=\\"max-height: 55px\\" src=\\"file:/app/src/instance-files/images/nina_s_ambroise.png\\" />
        <p><br/></p>
        Nina S Ambroise,
        <br/>
        Complaint Intake Consultant
        </p>
    </body>
</html>
"
`;
